// Jest Snapshot v1, https://goo.gl/fbAQLP

exports[`pages/studio.tsx 1`] = `
Array [
  <div>
    Hello
  </div>,
  <a
    href="/"
    onClick={[Function]}
    onMouseEnter={[Function]}
  >
    English
  </a>,
  <a
    href="/"
    onClick={[Function]}
    onMouseEnter={[Function]}
  >
    日本語
  </a>,
]
`;
